------------------------------------------------------------
Timing Analyzer Summary
------------------------------------------------------------

Type  : Slow 1200mV 85C Model Setup 'iCLK'
Slack : -8.360
TNS   : -16917.884

Type  : Slow 1200mV 85C Model Hold 'iCLK'
Slack : 0.319
TNS   : 0.000

Type  : Slow 1200mV 85C Model Recovery 'iCLK'
Slack : -1.210
TNS   : -38.720

Type  : Slow 1200mV 85C Model Removal 'iCLK'
Slack : 1.306
TNS   : 0.000

Type  : Slow 1200mV 85C Model Minimum Pulse Width 'iCLK'
Slack : -3.901
TNS   : -4023.579

Type  : Slow 1200mV 0C Model Setup 'iCLK'
Slack : -7.993
TNS   : -16095.998

Type  : Slow 1200mV 0C Model Hold 'iCLK'
Slack : 0.288
TNS   : 0.000

Type  : Slow 1200mV 0C Model Recovery 'iCLK'
Slack : -1.081
TNS   : -34.592

Type  : Slow 1200mV 0C Model Removal 'iCLK'
Slack : 1.176
TNS   : 0.000

Type  : Slow 1200mV 0C Model Minimum Pulse Width 'iCLK'
Slack : -3.901
TNS   : -4023.579

Type  : Fast 1200mV 0C Model Setup 'iCLK'
Slack : -2.724
TNS   : -5364.388

Type  : Fast 1200mV 0C Model Hold 'iCLK'
Slack : 0.113
TNS   : 0.000

Type  : Fast 1200mV 0C Model Recovery 'iCLK'
Slack : 0.052
TNS   : 0.000

Type  : Fast 1200mV 0C Model Removal 'iCLK'
Slack : 0.555
TNS   : 0.000

Type  : Fast 1200mV 0C Model Minimum Pulse Width 'iCLK'
Slack : -3.000
TNS   : -2764.047

------------------------------------------------------------
