------------------------------------------------------------
Timing Analyzer Summary
------------------------------------------------------------

Type  : Slow 1200mV 85C Model Setup 'iCLK'
Slack : -23.137
TNS   : -28392.476

Type  : Slow 1200mV 85C Model Hold 'iCLK'
Slack : 0.362
TNS   : 0.000

Type  : Slow 1200mV 85C Model Recovery 'iCLK'
Slack : -1.175
TNS   : -28.200

Type  : Slow 1200mV 85C Model Removal 'iCLK'
Slack : 1.283
TNS   : 0.000

Type  : Slow 1200mV 85C Model Minimum Pulse Width 'iCLK'
Slack : -3.901
TNS   : -4465.237

Type  : Slow 1200mV 0C Model Setup 'iCLK'
Slack : -21.864
TNS   : -26904.863

Type  : Slow 1200mV 0C Model Hold 'iCLK'
Slack : 0.324
TNS   : 0.000

Type  : Slow 1200mV 0C Model Recovery 'iCLK'
Slack : -1.048
TNS   : -25.152

Type  : Slow 1200mV 0C Model Removal 'iCLK'
Slack : 1.158
TNS   : 0.000

Type  : Slow 1200mV 0C Model Minimum Pulse Width 'iCLK'
Slack : -3.901
TNS   : -4465.237

Type  : Fast 1200mV 0C Model Setup 'iCLK'
Slack : -8.098
TNS   : -9831.807

Type  : Fast 1200mV 0C Model Hold 'iCLK'
Slack : 0.134
TNS   : 0.000

Type  : Fast 1200mV 0C Model Recovery 'iCLK'
Slack : 0.065
TNS   : 0.000

Type  : Fast 1200mV 0C Model Removal 'iCLK'
Slack : 0.546
TNS   : 0.000

Type  : Fast 1200mV 0C Model Minimum Pulse Width 'iCLK'
Slack : -3.000
TNS   : -3262.624

------------------------------------------------------------
