------------------------------------------------------------
Timing Analyzer Summary
------------------------------------------------------------

Type  : Slow 1200mV 85C Model Setup 'iCLK'
Slack : -23.136
TNS   : -23250.802

Type  : Slow 1200mV 85C Model Hold 'iCLK'
Slack : 0.343
TNS   : 0.000

Type  : Slow 1200mV 85C Model Recovery 'iCLK'
Slack : -1.178
TNS   : -28.272

Type  : Slow 1200mV 85C Model Removal 'iCLK'
Slack : 1.277
TNS   : 0.000

Type  : Slow 1200mV 85C Model Minimum Pulse Width 'iCLK'
Slack : -3.901
TNS   : -4038.468

Type  : Slow 1200mV 0C Model Setup 'iCLK'
Slack : -21.914
TNS   : -21947.064

Type  : Slow 1200mV 0C Model Hold 'iCLK'
Slack : 0.314
TNS   : 0.000

Type  : Slow 1200mV 0C Model Recovery 'iCLK'
Slack : -1.042
TNS   : -25.008

Type  : Slow 1200mV 0C Model Removal 'iCLK'
Slack : 1.157
TNS   : 0.000

Type  : Slow 1200mV 0C Model Minimum Pulse Width 'iCLK'
Slack : -3.901
TNS   : -4053.466

Type  : Fast 1200mV 0C Model Setup 'iCLK'
Slack : -8.231
TNS   : -7679.424

Type  : Fast 1200mV 0C Model Hold 'iCLK'
Slack : 0.122
TNS   : 0.000

Type  : Fast 1200mV 0C Model Recovery 'iCLK'
Slack : 0.067
TNS   : 0.000

Type  : Fast 1200mV 0C Model Removal 'iCLK'
Slack : 0.545
TNS   : 0.000

Type  : Fast 1200mV 0C Model Minimum Pulse Width 'iCLK'
Slack : -3.000
TNS   : -2993.569

------------------------------------------------------------
